<?xml version="1.0" encoding="UTF-8"?>
<document-type-declaration>
	<root-element>html</root-element>
	<external-definition>
		<public-identifier>-//W3C//DTD XHTML 1.0 Strict//EN</public-identifier>
		<system-identifier>http://www.w3.org/TR/xhtml1/DTD/xhtml1-strict.dtd</system-identifier>
	</external-definition>
</document-type-declaration>